env: load .env
env: export EXPO_PUBLIC_FIREBASE_API_KEY EXPO_PUBLIC_FIREBASE_AUTH_DOMAIN EXPO_PUBLIC_FIREBASE_PROJECT_ID EXPO_PUBLIC_FIREBASE_STORAGE_BUCKET EXPO_PUBLIC_FIREBASE_MESSAGING_SENDER_ID EXPO_PUBLIC_FIREBASE_APP_ID
ÔÇ║ Port 8081 is being used by another process
node.exe : Input is 
required, but 'npx 
expo' is in 
non-interactive mode.
Au caractère Ligne:1 : 1
+ & "C:\Program 
Files\nodejs/node.exe" 
"C:\Program 
Files\nodejs/node_mo ...
+ ~~~~~~~~~~~~~~~~~~~~~~
~~~~~~~~~~~~~~~~~~~~~~~~
~~~~~~~~~~~~~~~~~~~~~~~
    + CategoryInfo      
        : NotSpeci    
fied: (Input is r    
equir...teractive     
mode.:String) []    , 
RemoteException
    + FullyQualifiedE   
 rrorId : NativeCo    
mmandError
 
Required input:
> Use port 8082 instead?
ÔÇ║ Skipping dev server
ÔÇ║ Building app...
 
ERROR: JAVA_HOME is not 
set and no 'java' 
command could be found 
in your PATH. 
 
Please set the 
JAVA_HOME variable in 
your environment to 
match the 
location of your Java 
installation. 
Error: C:\Users\psjoh\De
sktop\Personal\Coding\Ap
ps\TherapyClientApp\andr
oid\gradlew.bat 
app:assembleDebug -x 
lint -x test 
--configure-on-demand 
--build-cache -PreactNat
iveDevServerPort=8081 -P
reactNativeArchitectures
=arm64-v8a,armeabi-v7a 
exited with non-zero 
code: 9009
Error: C:\Users\psjoh\De
sktop\Personal\Coding\Ap
ps\TherapyClientApp\andr
oid\gradlew.bat 
app:assembleDebug -x 
lint -x test 
--configure-on-demand 
--build-cache -PreactNat
iveDevServerPort=8081 -P
reactNativeArchitectures
=arm64-v8a,armeabi-v7a 
exited with non-zero 
code: 9009
    at ChildProcess.comp
letionListener (C:\Users
\psjoh\Desktop\Personal\
Coding\Apps\TherapyClien
tApp\node_modules\@expo\
spawn-async\src\spawnAsy
nc.ts:67:13)
    at 
Object.onceWrapper 
(node:events:634:26)
    at 
ChildProcess.emit 
(node:events:519:28)
    at 
ChildProcess.cp.emit (C:
\Users\psjoh\Desktop\Per
sonal\Coding\Apps\Therap
yClientApp\node_modules\
cross-spawn\lib\enoent.j
s:34:29)
    at maybeClose (node:
internal/child_process:1
101:16)
    at Process.ChildProc
ess._handle.onexit (node
:internal/child_process:
304:5)
    ...
    at spawnAsync (C:\Us
ers\psjoh\Desktop\Person
al\Coding\Apps\TherapyCl
ientApp\node_modules\@ex
po\spawn-async\src\spawn
Async.ts:28:21)
    at spawnGradleAsync 
(C:\Users\psjoh\Desktop\
Personal\Coding\Apps\The
rapyClientApp\node_modul
es\expo\node_modules\@ex
po\cli\src\start\platfor
ms\android\gradle.ts:134
:28)
    at assembleAsync (C:
\Users\psjoh\Desktop\Per
sonal\Coding\Apps\Therap
yClientApp\node_modules\
expo\node_modules\@expo\
cli\src\start\platforms\
android\gradle.ts:83:16)
    at runAndroidAsync (
C:\Users\psjoh\Desktop\P
ersonal\Coding\Apps\Ther
apyClientApp\node_module
s\expo\node_modules\@exp
o\cli\src\run\android\ru
nAndroidAsync.ts:62:24)
